[2024-11-15T08:46:44.473+0000][gc,init] CardTable entry size: 512
[2024-11-15T08:46:44.473+0000][gc     ] Using G1
[2024-11-15T08:46:44.480+0000][gc,init] Version: 21.0.4+7-LTS (release)
[2024-11-15T08:46:44.480+0000][gc,init] CPUs: 2 total, 2 available
[2024-11-15T08:46:44.480+0000][gc,init] Memory: 7928M
[2024-11-15T08:46:44.480+0000][gc,init] Large Page Support: Disabled
[2024-11-15T08:46:44.480+0000][gc,init] NUMA Support: Disabled
[2024-11-15T08:46:44.480+0000][gc,init] Compressed Oops: Enabled (32-bit)
[2024-11-15T08:46:44.480+0000][gc,init] Heap Region Size: 1M
[2024-11-15T08:46:44.480+0000][gc,init] Heap Min Capacity: 1G
[2024-11-15T08:46:44.480+0000][gc,init] Heap Initial Capacity: 1G
[2024-11-15T08:46:44.480+0000][gc,init] Heap Max Capacity: 1G
[2024-11-15T08:46:44.480+0000][gc,init] Pre-touch: Disabled
[2024-11-15T08:46:44.480+0000][gc,init] Parallel Workers: 2
[2024-11-15T08:46:44.480+0000][gc,init] Concurrent Workers: 1
[2024-11-15T08:46:44.480+0000][gc,init] Concurrent Refinement Workers: 2
[2024-11-15T08:46:44.480+0000][gc,init] Periodic GC: Disabled
[2024-11-15T08:46:44.486+0000][gc,metaspace] CDS archive(s) mapped at: [0x000079827f000000-0x000079827fcae000-0x000079827fcae000), size 13295616, SharedBaseAddress: 0x000079827f000000, ArchiveRelocationMode: 1.
[2024-11-15T08:46:44.486+0000][gc,metaspace] Compressed class space mapped at: 0x0000798280000000-0x00007982c0000000, reserved size: 1073741824
[2024-11-15T08:46:44.486+0000][gc,metaspace] Narrow klass base: 0x000079827f000000, Narrow klass shift: 0, Narrow klass range: 0x100000000
[2024-11-15T08:46:45.791+0000][gc,start    ] GC(0) Pause Young (Normal) (G1 Evacuation Pause)
[2024-11-15T08:46:45.791+0000][gc,task     ] GC(0) Using 2 workers of 2 for evacuation
[2024-11-15T08:46:45.810+0000][gc,phases   ] GC(0)   Pre Evacuate Collection Set: 0.2ms
[2024-11-15T08:46:45.810+0000][gc,phases   ] GC(0)   Merge Heap Roots: 0.1ms
[2024-11-15T08:46:45.811+0000][gc,phases   ] GC(0)   Evacuate Collection Set: 18.1ms
[2024-11-15T08:46:45.811+0000][gc,phases   ] GC(0)   Post Evacuate Collection Set: 0.5ms
[2024-11-15T08:46:45.811+0000][gc,phases   ] GC(0)   Other: 0.2ms
[2024-11-15T08:46:45.811+0000][gc,heap     ] GC(0) Eden regions: 51->0(44)
[2024-11-15T08:46:45.811+0000][gc,heap     ] GC(0) Survivor regions: 0->7(7)
[2024-11-15T08:46:45.811+0000][gc,heap     ] GC(0) Old regions: 2->3
[2024-11-15T08:46:45.811+0000][gc,heap     ] GC(0) Humongous regions: 0->0
[2024-11-15T08:46:45.811+0000][gc,metaspace] GC(0) Metaspace: 19841K(20032K)->19841K(20032K) NonClass: 17291K(17408K)->17291K(17408K) Class: 2550K(2624K)->2550K(2624K)
[2024-11-15T08:46:45.811+0000][gc          ] GC(0) Pause Young (Normal) (G1 Evacuation Pause) 52M->8M(1024M) 19.540ms
[2024-11-15T08:46:45.811+0000][gc,cpu      ] GC(0) User=0.02s Sys=0.00s Real=0.02s
[2024-11-15T08:46:45.946+0000][gc,start    ] GC(1) Pause Young (Concurrent Start) (Metadata GC Threshold)
[2024-11-15T08:46:45.947+0000][gc,task     ] GC(1) Using 2 workers of 2 for evacuation
[2024-11-15T08:46:45.957+0000][gc,phases   ] GC(1)   Pre Evacuate Collection Set: 0.3ms
[2024-11-15T08:46:45.957+0000][gc,phases   ] GC(1)   Merge Heap Roots: 0.0ms
[2024-11-15T08:46:45.957+0000][gc,phases   ] GC(1)   Evacuate Collection Set: 9.2ms
[2024-11-15T08:46:45.957+0000][gc,phases   ] GC(1)   Post Evacuate Collection Set: 0.4ms
[2024-11-15T08:46:45.957+0000][gc,phases   ] GC(1)   Other: 0.1ms
[2024-11-15T08:46:45.957+0000][gc,heap     ] GC(1) Eden regions: 6->0(49)
[2024-11-15T08:46:45.957+0000][gc,heap     ] GC(1) Survivor regions: 7->2(7)
[2024-11-15T08:46:45.957+0000][gc,heap     ] GC(1) Old regions: 3->10
[2024-11-15T08:46:45.957+0000][gc,heap     ] GC(1) Humongous regions: 129->129
[2024-11-15T08:46:45.957+0000][gc,metaspace] GC(1) Metaspace: 21257K(21504K)->21257K(21504K) NonClass: 18512K(18624K)->18512K(18624K) Class: 2744K(2880K)->2744K(2880K)
[2024-11-15T08:46:45.957+0000][gc          ] GC(1) Pause Young (Concurrent Start) (Metadata GC Threshold) 142M->138M(1024M) 10.375ms
[2024-11-15T08:46:45.957+0000][gc,cpu      ] GC(1) User=0.01s Sys=0.00s Real=0.02s
[2024-11-15T08:46:45.957+0000][gc          ] GC(2) Concurrent Mark Cycle
[2024-11-15T08:46:45.957+0000][gc,marking  ] GC(2) Concurrent Scan Root Regions
[2024-11-15T08:46:45.961+0000][gc,marking  ] GC(2) Concurrent Scan Root Regions 4.439ms
[2024-11-15T08:46:45.962+0000][gc,marking  ] GC(2) Concurrent Mark
[2024-11-15T08:46:45.962+0000][gc,marking  ] GC(2) Concurrent Mark From Roots
[2024-11-15T08:46:45.962+0000][gc,task     ] GC(2) Using 1 workers of 1 for marking
[2024-11-15T08:46:45.971+0000][gc,marking  ] GC(2) Concurrent Mark From Roots 9.546ms
[2024-11-15T08:46:45.971+0000][gc,marking  ] GC(2) Concurrent Preclean
[2024-11-15T08:46:45.971+0000][gc,marking  ] GC(2) Concurrent Preclean 0.019ms
[2024-11-15T08:46:45.971+0000][gc,start    ] GC(2) Pause Remark
[2024-11-15T08:46:45.973+0000][gc          ] GC(2) Pause Remark 140M->140M(1024M) 2.148ms
[2024-11-15T08:46:45.973+0000][gc,cpu      ] GC(2) User=0.00s Sys=0.00s Real=0.00s
[2024-11-15T08:46:45.974+0000][gc,marking  ] GC(2) Concurrent Mark 11.989ms
[2024-11-15T08:46:45.974+0000][gc,marking  ] GC(2) Concurrent Rebuild Remembered Sets and Scrub Regions
[2024-11-15T08:46:45.977+0000][gc,marking  ] GC(2) Concurrent Rebuild Remembered Sets and Scrub Regions 3.577ms
[2024-11-15T08:46:45.977+0000][gc,start    ] GC(2) Pause Cleanup
[2024-11-15T08:46:45.977+0000][gc          ] GC(2) Pause Cleanup 140M->140M(1024M) 0.160ms
[2024-11-15T08:46:45.977+0000][gc,cpu      ] GC(2) User=0.00s Sys=0.00s Real=0.00s
[2024-11-15T08:46:45.978+0000][gc,marking  ] GC(2) Concurrent Clear Claimed Marks
[2024-11-15T08:46:45.978+0000][gc,marking  ] GC(2) Concurrent Clear Claimed Marks 0.020ms
[2024-11-15T08:46:45.978+0000][gc,marking  ] GC(2) Concurrent Cleanup for Next Mark
[2024-11-15T08:46:45.987+0000][gc,marking  ] GC(2) Concurrent Cleanup for Next Mark 9.529ms
[2024-11-15T08:46:45.987+0000][gc          ] GC(2) Concurrent Mark Cycle 30.180ms
[2024-11-15T08:48:55.351+0000][gc,start    ] GC(3) Pause Young (Prepare Mixed) (G1 Evacuation Pause)
[2024-11-15T08:48:55.351+0000][gc,task     ] GC(3) Using 2 workers of 2 for evacuation
[2024-11-15T08:48:55.359+0000][gc,phases   ] GC(3)   Pre Evacuate Collection Set: 0.2ms
[2024-11-15T08:48:55.359+0000][gc,phases   ] GC(3)   Merge Heap Roots: 0.0ms
[2024-11-15T08:48:55.359+0000][gc,phases   ] GC(3)   Evacuate Collection Set: 7.3ms
[2024-11-15T08:48:55.359+0000][gc,phases   ] GC(3)   Post Evacuate Collection Set: 0.7ms
[2024-11-15T08:48:55.359+0000][gc,phases   ] GC(3)   Other: 0.1ms
[2024-11-15T08:48:55.360+0000][gc,heap     ] GC(3) Eden regions: 49->0(45)
[2024-11-15T08:48:55.360+0000][gc,heap     ] GC(3) Survivor regions: 2->6(7)
[2024-11-15T08:48:55.360+0000][gc,heap     ] GC(3) Old regions: 10->10
[2024-11-15T08:48:55.360+0000][gc,heap     ] GC(3) Humongous regions: 129->129
[2024-11-15T08:48:55.360+0000][gc,metaspace] GC(3) Metaspace: 33517K(33856K)->33517K(33856K) NonClass: 29621K(29824K)->29621K(29824K) Class: 3896K(4032K)->3896K(4032K)
[2024-11-15T08:48:55.360+0000][gc          ] GC(3) Pause Young (Prepare Mixed) (G1 Evacuation Pause) 187M->142M(1024M) 8.469ms
[2024-11-15T08:48:55.360+0000][gc,cpu      ] GC(3) User=0.01s Sys=0.00s Real=0.01s
[2024-11-15T08:50:55.508+0000][gc,start    ] GC(4) Pause Young (Mixed) (Metadata GC Threshold)
[2024-11-15T08:50:55.508+0000][gc,task     ] GC(4) Using 2 workers of 2 for evacuation
[2024-11-15T08:50:55.516+0000][gc,phases   ] GC(4)   Pre Evacuate Collection Set: 0.2ms
[2024-11-15T08:50:55.517+0000][gc,phases   ] GC(4)   Merge Heap Roots: 0.0ms
[2024-11-15T08:50:55.517+0000][gc,phases   ] GC(4)   Evacuate Collection Set: 7.6ms
[2024-11-15T08:50:55.517+0000][gc,phases   ] GC(4)   Post Evacuate Collection Set: 0.4ms
[2024-11-15T08:50:55.517+0000][gc,phases   ] GC(4)   Other: 0.1ms
[2024-11-15T08:50:55.517+0000][gc,heap     ] GC(4) Eden regions: 12->0(50)
[2024-11-15T08:50:55.517+0000][gc,heap     ] GC(4) Survivor regions: 6->1(7)
[2024-11-15T08:50:55.517+0000][gc,heap     ] GC(4) Old regions: 10->14
[2024-11-15T08:50:55.517+0000][gc,heap     ] GC(4) Humongous regions: 129->129
[2024-11-15T08:50:55.517+0000][gc,metaspace] GC(4) Metaspace: 35888K(36288K)->35888K(36288K) NonClass: 31621K(31872K)->31621K(31872K) Class: 4267K(4416K)->4267K(4416K)
[2024-11-15T08:50:55.517+0000][gc          ] GC(4) Pause Young (Mixed) (Metadata GC Threshold) 154M->143M(1024M) 8.616ms
[2024-11-15T08:50:55.517+0000][gc,cpu      ] GC(4) User=0.01s Sys=0.01s Real=0.02s
